// Jest Snapshot v1, https://goo.gl/fbAQLP

exports[`Header Header renders correctly 1`] = `
<nav
  data-is-transition-done={true}
  data-menu-open={false}
>
  <div>
    the planets
  </div>
  <img
    onClick={[Function]}
    src=""
  />
  <ul
    data-is-inside-header={true}
  >
    <li
      className="mercury"
      data-is-inside-header={true}
      data-menu-open={false}
      data-selected={true}
      id="MERCURY"
      onClick={[Function]}
    >
      <span />
      <span>
        mercury
      </span>
      <img
        src=""
      />
    </li>
    <li
      className="venus"
      data-is-inside-header={true}
      data-menu-open={false}
      data-selected={false}
      id="VENUS"
      onClick={[Function]}
    >
      <span />
      <span>
        venus
      </span>
      <img
        src=""
      />
    </li>
    <li
      className="earth"
      data-is-inside-header={true}
      data-menu-open={false}
      data-selected={false}
      id="EARTH"
      onClick={[Function]}
    >
      <span />
      <span>
        earth
      </span>
      <img
        src=""
      />
    </li>
    <li
      className="mars"
      data-is-inside-header={true}
      data-menu-open={false}
      data-selected={false}
      id="MARS"
      onClick={[Function]}
    >
      <span />
      <span>
        mars
      </span>
      <img
        src=""
      />
    </li>
    <li
      className="jupiter"
      data-is-inside-header={true}
      data-menu-open={false}
      data-selected={false}
      id="JUPITER"
      onClick={[Function]}
    >
      <span />
      <span>
        jupiter
      </span>
      <img
        src=""
      />
    </li>
    <li
      className="saturn"
      data-is-inside-header={true}
      data-menu-open={false}
      data-selected={false}
      id="SATURN"
      onClick={[Function]}
    >
      <span />
      <span>
        saturn
      </span>
      <img
        src=""
      />
    </li>
    <li
      className="uranus"
      data-is-inside-header={true}
      data-menu-open={false}
      data-selected={false}
      id="URANUS"
      onClick={[Function]}
    >
      <span />
      <span>
        uranus
      </span>
      <img
        src=""
      />
    </li>
    <li
      className="neptune"
      data-is-inside-header={true}
      data-menu-open={false}
      data-selected={false}
      id="NEPTUNE"
      onClick={[Function]}
    >
      <span />
      <span>
        neptune
      </span>
      <img
        src=""
      />
    </li>
  </ul>
  <div
    className="undefined"
    data-is-transition-done={true}
    data-menu-open={false}
  >
    <button
      className="undefined undefined"
      data-selected={true}
      id="OVERVIEW"
      onClick={[Function]}
    >
      <span>
        01
      </span>
      <span>
        overview
      </span>
      <span>
        overview
      </span>
    </button>
    <button
      className="undefined undefined"
      data-selected={false}
      id="STRUCTURE"
      onClick={[Function]}
    >
      <span>
        02
      </span>
      <span>
        structure
      </span>
      <span>
        internal structure
      </span>
    </button>
    <button
      className="undefined undefined"
      data-selected={false}
      id="GEOLOGY"
      onClick={[Function]}
    >
      <span>
        03
      </span>
      <span>
        geology
      </span>
      <span>
        surface geology
      </span>
    </button>
  </div>
</nav>
`;
