// Jest Snapshot v1, https://goo.gl/fbAQLP

exports[`Header Header renders correctly 1`] = `
<nav
  data-is-transition-done={true}
  data-menu-open={false}
>
  <div
    className="app-title"
  >
    the planets
  </div>
  <img
    className="hamburger"
    onClick={[Function]}
    src=""
  />
  <ul
    className="menu inside-header"
    data-menu-open={false}
  >
    <li
      className="mercury"
      id="MERCURY"
      onClick={[Function]}
    >
      <span
        className="menu-item-bullet-point"
      />
      <span
        className="menu-item-title"
      >
        mercury
      </span>
      <img
        className="menu-item-arrow"
        src=""
      />
    </li>
    <li
      className="venus"
      id="VENUS"
      onClick={[Function]}
    >
      <span
        className="menu-item-bullet-point"
      />
      <span
        className="menu-item-title"
      >
        venus
      </span>
      <img
        className="menu-item-arrow"
        src=""
      />
    </li>
    <li
      className="earth"
      id="EARTH"
      onClick={[Function]}
    >
      <span
        className="menu-item-bullet-point"
      />
      <span
        className="menu-item-title"
      >
        earth
      </span>
      <img
        className="menu-item-arrow"
        src=""
      />
    </li>
    <li
      className="mars"
      id="MARS"
      onClick={[Function]}
    >
      <span
        className="menu-item-bullet-point"
      />
      <span
        className="menu-item-title"
      >
        mars
      </span>
      <img
        className="menu-item-arrow"
        src=""
      />
    </li>
    <li
      className="jupiter"
      id="JUPITER"
      onClick={[Function]}
    >
      <span
        className="menu-item-bullet-point"
      />
      <span
        className="menu-item-title"
      >
        jupiter
      </span>
      <img
        className="menu-item-arrow"
        src=""
      />
    </li>
    <li
      className="saturn"
      id="SATURN"
      onClick={[Function]}
    >
      <span
        className="menu-item-bullet-point"
      />
      <span
        className="menu-item-title"
      >
        saturn
      </span>
      <img
        className="menu-item-arrow"
        src=""
      />
    </li>
    <li
      className="uranus"
      id="URANUS"
      onClick={[Function]}
    >
      <span
        className="menu-item-bullet-point"
      />
      <span
        className="menu-item-title"
      >
        uranus
      </span>
      <img
        className="menu-item-arrow"
        src=""
      />
    </li>
    <li
      className="neptune"
      id="NEPTUNE"
      onClick={[Function]}
    >
      <span
        className="menu-item-bullet-point"
      />
      <span
        className="menu-item-title"
      >
        neptune
      </span>
      <img
        className="menu-item-arrow"
        src=""
      />
    </li>
  </ul>
  <div
    className="planet-sections-menu"
    data-is-transition-done={true}
    data-menu-open={false}
  >
    <button
      className="btn btn-mercury"
      data-selected={true}
      id="OVERVIEW"
      onClick={[Function]}
    >
      <span
        className="btn-numbering"
      >
        01
      </span>
      <span
        className="btn-caption"
      >
        overview
      </span>
      <span
        className="btn-caption-long"
      >
        overview
      </span>
    </button>
    <button
      className="btn btn-mercury"
      data-selected={false}
      id="STRUCTURE"
      onClick={[Function]}
    >
      <span
        className="btn-numbering"
      >
        02
      </span>
      <span
        className="btn-caption"
      >
        structure
      </span>
      <span
        className="btn-caption-long"
      >
        internal structure
      </span>
    </button>
    <button
      className="btn btn-mercury"
      data-selected={false}
      id="GEOLOGY"
      onClick={[Function]}
    >
      <span
        className="btn-numbering"
      >
        03
      </span>
      <span
        className="btn-caption"
      >
        geology
      </span>
      <span
        className="btn-caption-long"
      >
        surface geology
      </span>
    </button>
  </div>
</nav>
`;
